GAMS 24.1.3  r41464 Released Jul 26, 2013 WEX-WEI x86_64/MS Windows                                                                                                                                                                    03/23/14 11:00:09 Page 1
G e n e r a l   A l g e b r a i c   M o d e l i n g   S y s t e m
C o m p i l a t i o n


   1  set
   2    j Arbeitsgang
   3    t Periode
   4    r Ressource;
   5   
   6  alias(t,q);
   7  alias(h,j);
   8   
   9  set
  10    VN(h,j) Vorgänger-Nachfolger-Relation zwischen h und j;
  11   
  12  parameter
  13    d(j)    Dauer des Arbeitsgangs j
  14    FEZ(j)  fruehestmoeglicher Endtermin des Arbeitsgangs j
  15    k(j,r)  Kapazitaetsbedarf des Arbeitsgangs j bezueglich der Ressource r je Periode
  16    Kap(r)  Periodenkapazitaet der Ressource r
  17    SEZ(j)  spaetestzulaessiger Endtermin des Arbeitsgangs j   ;
  18   
  19  binary variables
  20   
  21    x(j,t)  nimmt den Wert 1 an wenn der Arbeitsgang j in Periode t beendet wird und 0 sonst;
  22   
  23  free variables
  24    z       Zielfunktionswert;
  25   
INCLUDE    C:\Sites\RCPSP_Toooool\inputfile.inc
  27  set r /
  28  r5
  29  /;
  30   
  31  set j /
  32  Q
  33  j37
  34  j38
  35  j39
  36  j40
  37  j41
  38  j42
  39  j43
  40  j44
  41  j45
  42  S
  43  /;
  44   
  45  set t /t0*t33/;
  46   
  47  VN(h,j)=no;
  48  VN('Q','j37')=yes;
  49  VN('j37','S')=yes;
  50  VN('Q','j38')=yes;
  51  VN('j38','S')=yes;
  52  VN('Q','j39')=yes;
  53  VN('j39','S')=yes;
GAMS 24.1.3  r41464 Released Jul 26, 2013 WEX-WEI x86_64/MS Windows                                                                                                                                                                    03/23/14 11:00:09 Page 2
G e n e r a l   A l g e b r a i c   M o d e l i n g   S y s t e m
C o m p i l a t i o n


  54  VN('Q','j40')=yes;
  55  VN('j40','S')=yes;
  56  VN('Q','j41')=yes;
  57  VN('j41','S')=yes;
  58  VN('Q','j42')=yes;
  59  VN('j42','S')=yes;
  60  VN('Q','j43')=yes;
  61  VN('j43','S')=yes;
  62  VN('Q','j44')=yes;
  63  VN('j44','S')=yes;
  64  VN('Q','j45')=yes;
  65  VN('j45','S')=yes;
  66   
  67  VN('j37','j38')=yes;
  68  VN('j37','j39')=yes;
  69  VN('j38','j40')=yes;
  70  VN('j39','j43')=yes;
  71  VN('j40','j41')=yes;
  72  VN('j40','j42')=yes;
  73  VN('j41','j44')=yes;
  74  VN('j41','j45')=yes;
  75  VN('j42','j43')=yes;
  76  VN('j43','j45')=yes;
  77   
  78  parameter
  79  d(j) /
  80  Q   0
  81  S   0
  82  j37   2
  83  j38   4
  84  j39   3
  85  j40   7
  86  j41   2
  87  j42   1
  88  j43   5
  89  j44   2
  90  j45   7
  91  /
  92  FEZ(j) /
  93  Q   0
  94  S   0
  95  j37   2
  96  j38   6
  97  j39   5
  98  j40   13
  99  j41   15
 100  j42   14
 101  j43   19
 102  j44   17
 103  j45   26
 104  /
 105  SEZ(j) /
 106  Q   0
GAMS 24.1.3  r41464 Released Jul 26, 2013 WEX-WEI x86_64/MS Windows                                                                                                                                                                    03/23/14 11:00:09 Page 3
G e n e r a l   A l g e b r a i c   M o d e l i n g   S y s t e m
C o m p i l a t i o n


 107  S 33
 108  j37   2
 109  j38   6
 110  j39   14
 111  j40   13
 112  j41   19
 113  j42   14
 114  j43   19
 115  j44   26
 116  j45   26
 117  /
 118  Kap(r) /
 119  r5   9
 120  /;
 121   
 122  k(j,r)=0;
 123  k('j37','r5')=1;
 124  k('j38','r5')=2;
 125  k('j39','r5')=6;
 126  k('j40','r5')=1;
 127  k('j41','r5')=1;
 128  k('j42','r5')=2;
 129  k('j43','r5')=2;
 130  k('j44','r5')=1;
 131  k('j45','r5')=8;
 132   
 133   
 134  Equations
 135      Zielfunktion
 136      JederVorgangEinmal(j)
 137      Projektstruktur(h,j)
 138      Kapazitaetsrestriktion(r,t);
 139   
 140  Zielfunktion..
 141      z=e=sum(j$(ord(j)=card(J)),sum(t$(FEZ(j)<=ord(t)-1 and ord(t)-1 <= SEZ(j)), (ord(t)-1)*x(j,t)));
 142   
 143  JederVorgangEinmal(j)..
 144      sum(t$(FEZ(j)<=ord(t)-1 and ord(t)-1 <= SEZ(j)), x(j,t)) =e= 1;
 145   
 146  Projektstruktur(h,j)$VN(h,j)..
 147      sum(t$(FEZ(h)<=ord(t)-1 and ord(t)-1 <= SEZ(h)), (ord(t)-1)*x(h,t))  =l=
 148      sum(t$(FEZ(j)<=ord(t)-1 and ord(t)-1 <= SEZ(j)), (ord(t)-1-d(j))*x(j,t));
 149   
 150  Kapazitaetsrestriktion(r,t)..
 151      sum(j,k(j,r)*sum(q$(ord(q)-1>=ord(t)-1 and ord(q)-1<=ord(t)-1+d(j)-1),x(j,q)))=l=Kap(r);
 152   
 153  model RCPSP /
 154      Zielfunktion
 155      JederVorgangEinmal
 156      Projektstruktur
 157      Kapazitaetsrestriktion
 158      /;
 159   
GAMS 24.1.3  r41464 Released Jul 26, 2013 WEX-WEI x86_64/MS Windows                                                                                                                                                                    03/23/14 11:00:09 Page 4
G e n e r a l   A l g e b r a i c   M o d e l i n g   S y s t e m
C o m p i l a t i o n


 160  *Liefertermin muss verschoben werden, sonst keine zulaessige Loesung
 161  SEZ(j)=SEZ(j)+1;
 162   
 163  solve RCPSP minimizing z using mip;
 164   
 165  display x.l
 166   
 167  loop(t,
 168   x.l('Q',t)=0;
 169   x.l('S',t)=0;
 170  );
 171   
 172  file Outputfile / 'Outputfile.txt'/;
 173  put Outputfile;
 174   
 175  put 'Zielfunktionswert:  ',z.l /
 176   
 177  loop(j,
 178       loop(t,
 179           if(x.l(j,t)=1,
 180               put j.tl:0, ' ; ' ord(t):0 /
 181           );
 182       );
 183  );
 184   
 185  putclose outputfile;
 186   
GAMS 24.1.3  r41464 Released Jul 26, 2013 WEX-WEI x86_64/MS Windows                                                                                                                                                                    03/23/14 11:00:09 Page 5
G e n e r a l   A l g e b r a i c   M o d e l i n g   S y s t e m
Include File Summary


   SEQ   GLOBAL TYPE      PARENT   LOCAL  FILENAME

     1        1 INPUT          0       0  C:\Sites\RCPSP_Toooool\RCPSP_Modell.gms
     2       26 INCLUDE        1      26  .C:\Sites\RCPSP_Toooool\inputfile.inc


COMPILATION TIME     =        0.000 SECONDS      3 MB  24.1.3 r41464 WEX-WEI
GAMS 24.1.3  r41464 Released Jul 26, 2013 WEX-WEI x86_64/MS Windows                                                                                                                                                                    03/23/14 11:00:09 Page 6
G e n e r a l   A l g e b r a i c   M o d e l i n g   S y s t e m
Equation Listing    SOLVE RCPSP Using MIP From line 163


---- Zielfunktion  =E=  

Zielfunktion..  - x(S,t1) - 2*x(S,t2) - 3*x(S,t3) - 4*x(S,t4) - 5*x(S,t5) - 6*x(S,t6) - 7*x(S,t7) - 8*x(S,t8) - 9*x(S,t9) - 10*x(S,t10) - 11*x(S,t11) - 12*x(S,t12) - 13*x(S,t13) - 14*x(S,t14) - 15*x(S,t15) - 16*x(S,t16) - 17*x(S,t17) - 18*x(S,t18)
     
      - 19*x(S,t19) - 20*x(S,t20) - 21*x(S,t21) - 22*x(S,t22) - 23*x(S,t23) - 24*x(S,t24) - 25*x(S,t25) - 26*x(S,t26) - 27*x(S,t27) - 28*x(S,t28) - 29*x(S,t29) - 30*x(S,t30) - 31*x(S,t31) - 32*x(S,t32) - 33*x(S,t33) + z =E= 0 ; (LHS = 0)
     

---- JederVorgangEinmal  =E=  

JederVorgangEinmal(Q)..  x(Q,t0) + x(Q,t1) =E= 1 ; (LHS = 0, INFES = 1 ****)
     
JederVorgangEinmal(j37)..  x(j37,t2) + x(j37,t3) =E= 1 ; (LHS = 0, INFES = 1 ****)
     
JederVorgangEinmal(j38)..  x(j38,t6) + x(j38,t7) =E= 1 ; (LHS = 0, INFES = 1 ****)
     
REMAINING 8 ENTRIES SKIPPED


---- Projektstruktur  =L=  

Projektstruktur(Q,j37)..  x(Q,t1) - x(j37,t3) =L= 0 ; (LHS = 0)
     
Projektstruktur(Q,j38)..  x(Q,t1) - 2*x(j38,t6) - 3*x(j38,t7) =L= 0 ; (LHS = 0)
     
Projektstruktur(Q,j39)..  x(Q,t1) - 2*x(j39,t5) - 3*x(j39,t6) - 4*x(j39,t7) - 5*x(j39,t8) - 6*x(j39,t9) - 7*x(j39,t10) - 8*x(j39,t11) - 9*x(j39,t12) - 10*x(j39,t13) - 11*x(j39,t14) - 12*x(j39,t15) =L= 0 ; (LHS = 0)
     
REMAINING 25 ENTRIES SKIPPED


---- Kapazitaetsrestriktion  =L=  

Kapazitaetsrestriktion(r5,t0)..  x(j37,t0) + x(j37,t1) + 2*x(j38,t0) + 2*x(j38,t1) + 2*x(j38,t2) + 2*x(j38,t3) + 6*x(j39,t0) + 6*x(j39,t1) + 6*x(j39,t2) + x(j40,t0) + x(j40,t1) + x(j40,t2) + x(j40,t3) + x(j40,t4) + x(j40,t5) + x(j40,t6) + x(j41,t0)
     
      + x(j41,t1) + 2*x(j42,t0) + 2*x(j43,t0) + 2*x(j43,t1) + 2*x(j43,t2) + 2*x(j43,t3) + 2*x(j43,t4) + x(j44,t0) + x(j44,t1) + 8*x(j45,t0) + 8*x(j45,t1) + 8*x(j45,t2) + 8*x(j45,t3) + 8*x(j45,t4) + 8*x(j45,t5) + 8*x(j45,t6) =L= 9 ; (LHS = 0)
     
Kapazitaetsrestriktion(r5,t1)..  x(j37,t1) + x(j37,t2) + 2*x(j38,t1) + 2*x(j38,t2) + 2*x(j38,t3) + 2*x(j38,t4) + 6*x(j39,t1) + 6*x(j39,t2) + 6*x(j39,t3) + x(j40,t1) + x(j40,t2) + x(j40,t3) + x(j40,t4) + x(j40,t5) + x(j40,t6) + x(j40,t7) + x(j41,t1)
     
      + x(j41,t2) + 2*x(j42,t1) + 2*x(j43,t1) + 2*x(j43,t2) + 2*x(j43,t3) + 2*x(j43,t4) + 2*x(j43,t5) + x(j44,t1) + x(j44,t2) + 8*x(j45,t1) + 8*x(j45,t2) + 8*x(j45,t3) + 8*x(j45,t4) + 8*x(j45,t5) + 8*x(j45,t6) + 8*x(j45,t7) =L= 9 ; (LHS = 0)
     
Kapazitaetsrestriktion(r5,t2)..  x(j37,t2) + x(j37,t3) + 2*x(j38,t2) + 2*x(j38,t3) + 2*x(j38,t4) + 2*x(j38,t5) + 6*x(j39,t2) + 6*x(j39,t3) + 6*x(j39,t4) + x(j40,t2) + x(j40,t3) + x(j40,t4) + x(j40,t5) + x(j40,t6) + x(j40,t7) + x(j40,t8) + x(j41,t2)
     
      + x(j41,t3) + 2*x(j42,t2) + 2*x(j43,t2) + 2*x(j43,t3) + 2*x(j43,t4) + 2*x(j43,t5) + 2*x(j43,t6) + x(j44,t2) + x(j44,t3) + 8*x(j45,t2) + 8*x(j45,t3) + 8*x(j45,t4) + 8*x(j45,t5) + 8*x(j45,t6) + 8*x(j45,t7) + 8*x(j45,t8) =L= 9 ; (LHS = 0)
     
REMAINING 31 ENTRIES SKIPPED

GAMS 24.1.3  r41464 Released Jul 26, 2013 WEX-WEI x86_64/MS Windows                                                                                                                                                                    03/23/14 11:00:09 Page 7
G e n e r a l   A l g e b r a i c   M o d e l i n g   S y s t e m
Column Listing      SOLVE RCPSP Using MIP From line 163


---- x  nimmt den Wert 1 an wenn der Arbeitsgang j in Periode t beendet wird und 0 sonst

x(Q,t0)
                (.LO, .L, .UP, .M = 0, 0, 1, 0)
        1       JederVorgangEinmal(Q)

x(Q,t1)
                (.LO, .L, .UP, .M = 0, 0, 1, 0)
        1       JederVorgangEinmal(Q)
        1       Projektstruktur(Q,j37)
        1       Projektstruktur(Q,j38)
        1       Projektstruktur(Q,j39)
        1       Projektstruktur(Q,j40)
        1       Projektstruktur(Q,j41)
        1       Projektstruktur(Q,j42)
        1       Projektstruktur(Q,j43)
        1       Projektstruktur(Q,j44)
        1       Projektstruktur(Q,j45)

x(j37,t0)
                (.LO, .L, .UP, .M = 0, 0, 1, 0)
        1       Kapazitaetsrestriktion(r5,t0)

REMAINING 339 ENTRIES SKIPPED

---- z  Zielfunktionswert

z
                (.LO, .L, .UP, .M = -INF, 0, +INF, 0)
        1       Zielfunktion

GAMS 24.1.3  r41464 Released Jul 26, 2013 WEX-WEI x86_64/MS Windows                                                                                                                                                                    03/23/14 11:00:09 Page 8
G e n e r a l   A l g e b r a i c   M o d e l i n g   S y s t e m
Model Statistics    SOLVE RCPSP Using MIP From line 163


MODEL STATISTICS

BLOCKS OF EQUATIONS           4     SINGLE EQUATIONS           74
BLOCKS OF VARIABLES           2     SINGLE VARIABLES          343
NON ZERO ELEMENTS         1,632     DISCRETE VARIABLES        342


GENERATION TIME      =        0.015 SECONDS      4 MB  24.1.3 r41464 WEX-WEI


EXECUTION TIME       =        0.031 SECONDS      4 MB  24.1.3 r41464 WEX-WEI
GAMS 24.1.3  r41464 Released Jul 26, 2013 WEX-WEI x86_64/MS Windows                                                                                                                                                                    03/23/14 11:00:09 Page 9
G e n e r a l   A l g e b r a i c   M o d e l i n g   S y s t e m
Solution Report     SOLVE RCPSP Using MIP From line 163


               S O L V E      S U M M A R Y

     MODEL   RCPSP               OBJECTIVE  z
     TYPE    MIP                 DIRECTION  MINIMIZE
     SOLVER  CPLEX               FROM LINE  163

**** SOLVER STATUS     1 Normal Completion         
**** MODEL STATUS      1 Optimal                   
**** OBJECTIVE VALUE               26.0000

 RESOURCE USAGE, LIMIT          0.031      1000.000
 ITERATION COUNT, LIMIT         0    2000000000

IBM ILOG CPLEX   24.1.3 r41464 Released Jul 26, 2013 WEI x86_64/MS Windows    
--- GAMS/Cplex licensed for continuous and discrete problems.
Cplex 12.5.1.0

MIP status(101): integer optimal solution
Cplex Time: 0.00sec (det. 1.20 ticks)
Fixing integer variables, and solving final LP...
Fixed MIP status(1): optimal
Cplex Time: 0.01sec (det. 0.18 ticks)
Proven optimal solution.

MIP Solution:           26.000000    (0 iterations, 0 nodes)
Final Solve:            26.000000    (0 iterations)

Best possible:          26.000000
Absolute gap:            0.000000
Relative gap:            0.000000


                           LOWER          LEVEL          UPPER         MARGINAL

---- EQU Zielfunkt~          .              .              .             1.0000      

---- EQU JederVorgangEinmal  

           LOWER          LEVEL          UPPER         MARGINAL

Q           1.0000         1.0000         1.0000          .          
j37         1.0000         1.0000         1.0000          .          
j38         1.0000         1.0000         1.0000          .          
j39         1.0000         1.0000         1.0000          .          
j40         1.0000         1.0000         1.0000          .          
j41         1.0000         1.0000         1.0000          .          
j42         1.0000         1.0000         1.0000          .          
j43         1.0000         1.0000         1.0000          .          
j44         1.0000         1.0000         1.0000          .          
j45         1.0000         1.0000         1.0000          .          
S           1.0000         1.0000         1.0000          .          
GAMS 24.1.3  r41464 Released Jul 26, 2013 WEX-WEI x86_64/MS Windows                                                                                                                                                                   03/23/14 11:00:09 Page 10
G e n e r a l   A l g e b r a i c   M o d e l i n g   S y s t e m
Solution Report     SOLVE RCPSP Using MIP From line 163


---- EQU Projektstruktur  

               LOWER          LEVEL          UPPER         MARGINAL

Q  .j37        -INF             .              .              .          
Q  .j38        -INF           -2.0000          .              .          
Q  .j39        -INF           -5.0000          .              .          
Q  .j40        -INF           -6.0000          .              .          
Q  .j41        -INF          -13.0000          .              .          
Q  .j42        -INF          -13.0000          .              .          
Q  .j43        -INF          -14.0000          .              .          
Q  .j44        -INF          -23.0000          .              .          
Q  .j45        -INF          -19.0000          .              .          
j37.j38        -INF             .              .              .          
j37.j39        -INF           -3.0000          .              .          
j37.S          -INF          -24.0000          .              .          
j38.j40        -INF             .              .              .          
j38.S          -INF          -20.0000          .              .          
j39.j43        -INF           -6.0000          .              .          
j39.S          -INF          -18.0000          .              .          
j40.j41        -INF             .              .              .          
j40.j42        -INF             .              .              .          
j40.S          -INF          -13.0000          .              .          
j41.j44        -INF           -8.0000          .              .          
j41.j45        -INF           -4.0000          .              .          
j41.S          -INF          -11.0000          .              .          
j42.j43        -INF             .              .              .          
j42.S          -INF          -12.0000          .              .          
j43.j45        -INF             .              .              .          
j43.S          -INF           -7.0000          .              .          
j44.S          -INF           -1.0000          .              .          
j45.S          -INF             .              .              .          

---- EQU Kapazitaetsrestriktion  

              LOWER          LEVEL          UPPER         MARGINAL

r5.t0         -INF             .             9.0000          .          
r5.t1         -INF            1.0000         9.0000          .          
r5.t2         -INF            1.0000         9.0000          .          
r5.t3         -INF            2.0000         9.0000          .          
r5.t4         -INF            2.0000         9.0000          .          
r5.t5         -INF            2.0000         9.0000          .          
r5.t6         -INF            8.0000         9.0000          .          
r5.t7         -INF            7.0000         9.0000          .          
r5.t8         -INF            7.0000         9.0000          .          
r5.t9         -INF            1.0000         9.0000          .          
r5.t10        -INF            1.0000         9.0000          .          
r5.t11        -INF            1.0000         9.0000          .          
r5.t12        -INF            1.0000         9.0000          .          
r5.t13        -INF            1.0000         9.0000          .          
r5.t14        -INF            3.0000         9.0000          .          
r5.t15        -INF            3.0000         9.0000          .          
GAMS 24.1.3  r41464 Released Jul 26, 2013 WEX-WEI x86_64/MS Windows                                                                                                                                                                   03/23/14 11:00:09 Page 11
G e n e r a l   A l g e b r a i c   M o d e l i n g   S y s t e m
Solution Report     SOLVE RCPSP Using MIP From line 163


     EQU Kapazitaetsrestriktion  

              LOWER          LEVEL          UPPER         MARGINAL

r5.t16        -INF            2.0000         9.0000          .          
r5.t17        -INF            2.0000         9.0000          .          
r5.t18        -INF            2.0000         9.0000          .          
r5.t19        -INF            2.0000         9.0000          .          
r5.t20        -INF            8.0000         9.0000          .          
r5.t21        -INF            8.0000         9.0000          .          
r5.t22        -INF            8.0000         9.0000          .          
r5.t23        -INF            8.0000         9.0000          .          
r5.t24        -INF            9.0000         9.0000          .          
r5.t25        -INF            9.0000         9.0000          .          
r5.t26        -INF            8.0000         9.0000          .          
r5.t27        -INF             .             9.0000          .          
r5.t28        -INF             .             9.0000          .          
r5.t29        -INF             .             9.0000          .          
r5.t30        -INF             .             9.0000          .          
r5.t31        -INF             .             9.0000          .          
r5.t32        -INF             .             9.0000          .          
r5.t33        -INF             .             9.0000          .          

---- VAR x  nimmt den Wert 1 an wenn der Arbeitsgang j in Periode t beendet wird und 0 sonst

               LOWER          LEVEL          UPPER         MARGINAL

Q  .t0           .             1.0000         1.0000         EPS         
Q  .t1           .              .             1.0000         EPS         
j37.t0           .              .             1.0000         EPS         
j37.t1           .              .             1.0000         EPS         
j37.t2           .             1.0000         1.0000         EPS         
j37.t3           .              .             1.0000         EPS         
j37.t4           .              .             1.0000         EPS         
j37.t5           .              .             1.0000         EPS         
j37.t6           .              .             1.0000         EPS         
j37.t7           .              .             1.0000         EPS         
j37.t8           .              .             1.0000         EPS         
j37.t9           .              .             1.0000         EPS         
j37.t10          .              .             1.0000         EPS         
j37.t11          .              .             1.0000         EPS         
j37.t12          .              .             1.0000         EPS         
j37.t13          .              .             1.0000         EPS         
j37.t14          .              .             1.0000         EPS         
j37.t15          .              .             1.0000         EPS         
j37.t16          .              .             1.0000         EPS         
j37.t17          .              .             1.0000         EPS         
j37.t18          .              .             1.0000         EPS         
j37.t19          .              .             1.0000         EPS         
j37.t20          .              .             1.0000         EPS         
j37.t21          .              .             1.0000         EPS         
j37.t22          .              .             1.0000         EPS         
j37.t23          .              .             1.0000         EPS         
GAMS 24.1.3  r41464 Released Jul 26, 2013 WEX-WEI x86_64/MS Windows                                                                                                                                                                   03/23/14 11:00:09 Page 12
G e n e r a l   A l g e b r a i c   M o d e l i n g   S y s t e m
Solution Report     SOLVE RCPSP Using MIP From line 163


     VAR x  nimmt den Wert 1 an wenn der Arbeitsgang j in Periode t beendet wird und 0 sonst

               LOWER          LEVEL          UPPER         MARGINAL

j37.t24          .              .             1.0000         EPS         
j37.t25          .              .             1.0000         EPS         
j37.t26          .              .             1.0000         EPS         
j37.t27          .              .             1.0000         EPS         
j37.t28          .              .             1.0000         EPS         
j37.t29          .              .             1.0000         EPS         
j37.t30          .              .             1.0000         EPS         
j37.t31          .              .             1.0000         EPS         
j37.t32          .              .             1.0000         EPS         
j37.t33          .              .             1.0000         EPS         
j38.t0           .              .             1.0000         EPS         
j38.t1           .              .             1.0000         EPS         
j38.t2           .              .             1.0000         EPS         
j38.t3           .              .             1.0000         EPS         
j38.t4           .              .             1.0000         EPS         
j38.t5           .              .             1.0000         EPS         
j38.t6           .             1.0000         1.0000         EPS         
j38.t7           .              .             1.0000         EPS         
j38.t8           .              .             1.0000         EPS         
j38.t9           .              .             1.0000         EPS         
j38.t10          .              .             1.0000         EPS         
j38.t11          .              .             1.0000         EPS         
j38.t12          .              .             1.0000         EPS         
j38.t13          .              .             1.0000         EPS         
j38.t14          .              .             1.0000         EPS         
j38.t15          .              .             1.0000         EPS         
j38.t16          .              .             1.0000         EPS         
j38.t17          .              .             1.0000         EPS         
j38.t18          .              .             1.0000         EPS         
j38.t19          .              .             1.0000         EPS         
j38.t20          .              .             1.0000         EPS         
j38.t21          .              .             1.0000         EPS         
j38.t22          .              .             1.0000         EPS         
j38.t23          .              .             1.0000         EPS         
j38.t24          .              .             1.0000         EPS         
j38.t25          .              .             1.0000         EPS         
j38.t26          .              .             1.0000         EPS         
j38.t27          .              .             1.0000         EPS         
j38.t28          .              .             1.0000         EPS         
j38.t29          .              .             1.0000         EPS         
j38.t30          .              .             1.0000         EPS         
j38.t31          .              .             1.0000         EPS         
j38.t32          .              .             1.0000         EPS         
j38.t33          .              .             1.0000         EPS         
j39.t0           .              .             1.0000         EPS         
j39.t1           .              .             1.0000         EPS         
j39.t2           .              .             1.0000         EPS         
j39.t3           .              .             1.0000         EPS         
j39.t4           .              .             1.0000         EPS         
GAMS 24.1.3  r41464 Released Jul 26, 2013 WEX-WEI x86_64/MS Windows                                                                                                                                                                   03/23/14 11:00:09 Page 13
G e n e r a l   A l g e b r a i c   M o d e l i n g   S y s t e m
Solution Report     SOLVE RCPSP Using MIP From line 163


     VAR x  nimmt den Wert 1 an wenn der Arbeitsgang j in Periode t beendet wird und 0 sonst

               LOWER          LEVEL          UPPER         MARGINAL

j39.t5           .              .             1.0000         EPS         
j39.t6           .              .             1.0000         EPS         
j39.t7           .              .             1.0000         EPS         
j39.t8           .             1.0000         1.0000         EPS         
j39.t9           .              .             1.0000         EPS         
j39.t10          .              .             1.0000         EPS         
j39.t11          .              .             1.0000         EPS         
j39.t12          .              .             1.0000         EPS         
j39.t13          .              .             1.0000         EPS         
j39.t14          .              .             1.0000         EPS         
j39.t15          .              .             1.0000         EPS         
j39.t16          .              .             1.0000         EPS         
j39.t17          .              .             1.0000         EPS         
j39.t18          .              .             1.0000         EPS         
j39.t19          .              .             1.0000         EPS         
j39.t20          .              .             1.0000         EPS         
j39.t21          .              .             1.0000         EPS         
j39.t22          .              .             1.0000         EPS         
j39.t23          .              .             1.0000         EPS         
j39.t24          .              .             1.0000         EPS         
j39.t25          .              .             1.0000         EPS         
j39.t26          .              .             1.0000         EPS         
j39.t27          .              .             1.0000         EPS         
j39.t28          .              .             1.0000         EPS         
j39.t29          .              .             1.0000         EPS         
j39.t30          .              .             1.0000         EPS         
j39.t31          .              .             1.0000         EPS         
j39.t32          .              .             1.0000         EPS         
j39.t33          .              .             1.0000         EPS         
j40.t0           .              .             1.0000         EPS         
j40.t1           .              .             1.0000         EPS         
j40.t2           .              .             1.0000         EPS         
j40.t3           .              .             1.0000         EPS         
j40.t4           .              .             1.0000         EPS         
j40.t5           .              .             1.0000         EPS         
j40.t6           .              .             1.0000         EPS         
j40.t7           .              .             1.0000         EPS         
j40.t8           .              .             1.0000         EPS         
j40.t9           .              .             1.0000         EPS         
j40.t10          .              .             1.0000         EPS         
j40.t11          .              .             1.0000         EPS         
j40.t12          .              .             1.0000         EPS         
j40.t13          .             1.0000         1.0000         EPS         
j40.t14          .              .             1.0000         EPS         
j40.t15          .              .             1.0000         EPS         
j40.t16          .              .             1.0000         EPS         
j40.t17          .              .             1.0000         EPS         
j40.t18          .              .             1.0000         EPS         
j40.t19          .              .             1.0000         EPS         
GAMS 24.1.3  r41464 Released Jul 26, 2013 WEX-WEI x86_64/MS Windows                                                                                                                                                                   03/23/14 11:00:09 Page 14
G e n e r a l   A l g e b r a i c   M o d e l i n g   S y s t e m
Solution Report     SOLVE RCPSP Using MIP From line 163


     VAR x  nimmt den Wert 1 an wenn der Arbeitsgang j in Periode t beendet wird und 0 sonst

               LOWER          LEVEL          UPPER         MARGINAL

j40.t20          .              .             1.0000         EPS         
j40.t21          .              .             1.0000         EPS         
j40.t22          .              .             1.0000         EPS         
j40.t23          .              .             1.0000         EPS         
j40.t24          .              .             1.0000         EPS         
j40.t25          .              .             1.0000         EPS         
j40.t26          .              .             1.0000         EPS         
j40.t27          .              .             1.0000         EPS         
j40.t28          .              .             1.0000         EPS         
j40.t29          .              .             1.0000         EPS         
j40.t30          .              .             1.0000         EPS         
j40.t31          .              .             1.0000         EPS         
j40.t32          .              .             1.0000         EPS         
j40.t33          .              .             1.0000         EPS         
j41.t0           .              .             1.0000         EPS         
j41.t1           .              .             1.0000         EPS         
j41.t2           .              .             1.0000         EPS         
j41.t3           .              .             1.0000         EPS         
j41.t4           .              .             1.0000         EPS         
j41.t5           .              .             1.0000         EPS         
j41.t6           .              .             1.0000         EPS         
j41.t7           .              .             1.0000         EPS         
j41.t8           .              .             1.0000         EPS         
j41.t9           .              .             1.0000         EPS         
j41.t10          .              .             1.0000         EPS         
j41.t11          .              .             1.0000         EPS         
j41.t12          .              .             1.0000         EPS         
j41.t13          .              .             1.0000         EPS         
j41.t14          .              .             1.0000         EPS         
j41.t15          .             1.0000         1.0000         EPS         
j41.t16          .              .             1.0000         EPS         
j41.t17          .              .             1.0000         EPS         
j41.t18          .              .             1.0000         EPS         
j41.t19          .              .             1.0000         EPS         
j41.t20          .              .             1.0000         EPS         
j41.t21          .              .             1.0000         EPS         
j41.t22          .              .             1.0000         EPS         
j41.t23          .              .             1.0000         EPS         
j41.t24          .              .             1.0000         EPS         
j41.t25          .              .             1.0000         EPS         
j41.t26          .              .             1.0000         EPS         
j41.t27          .              .             1.0000         EPS         
j41.t28          .              .             1.0000         EPS         
j41.t29          .              .             1.0000         EPS         
j41.t30          .              .             1.0000         EPS         
j41.t31          .              .             1.0000         EPS         
j41.t32          .              .             1.0000         EPS         
j41.t33          .              .             1.0000         EPS         
j42.t0           .              .             1.0000         EPS         
GAMS 24.1.3  r41464 Released Jul 26, 2013 WEX-WEI x86_64/MS Windows                                                                                                                                                                   03/23/14 11:00:09 Page 15
G e n e r a l   A l g e b r a i c   M o d e l i n g   S y s t e m
Solution Report     SOLVE RCPSP Using MIP From line 163


     VAR x  nimmt den Wert 1 an wenn der Arbeitsgang j in Periode t beendet wird und 0 sonst

               LOWER          LEVEL          UPPER         MARGINAL

j42.t1           .              .             1.0000         EPS         
j42.t2           .              .             1.0000         EPS         
j42.t3           .              .             1.0000         EPS         
j42.t4           .              .             1.0000         EPS         
j42.t5           .              .             1.0000         EPS         
j42.t6           .              .             1.0000         EPS         
j42.t7           .              .             1.0000         EPS         
j42.t8           .              .             1.0000         EPS         
j42.t9           .              .             1.0000         EPS         
j42.t10          .              .             1.0000         EPS         
j42.t11          .              .             1.0000         EPS         
j42.t12          .              .             1.0000         EPS         
j42.t13          .              .             1.0000         EPS         
j42.t14          .             1.0000         1.0000         EPS         
j42.t15          .              .             1.0000         EPS         
j42.t16          .              .             1.0000         EPS         
j42.t17          .              .             1.0000         EPS         
j42.t18          .              .             1.0000         EPS         
j42.t19          .              .             1.0000         EPS         
j42.t20          .              .             1.0000         EPS         
j42.t21          .              .             1.0000         EPS         
j42.t22          .              .             1.0000         EPS         
j42.t23          .              .             1.0000         EPS         
j42.t24          .              .             1.0000         EPS         
j42.t25          .              .             1.0000         EPS         
j42.t26          .              .             1.0000         EPS         
j42.t27          .              .             1.0000         EPS         
j42.t28          .              .             1.0000         EPS         
j42.t29          .              .             1.0000         EPS         
j42.t30          .              .             1.0000         EPS         
j42.t31          .              .             1.0000         EPS         
j42.t32          .              .             1.0000         EPS         
j42.t33          .              .             1.0000         EPS         
j43.t0           .              .             1.0000         EPS         
j43.t1           .              .             1.0000         EPS         
j43.t2           .              .             1.0000         EPS         
j43.t3           .              .             1.0000         EPS         
j43.t4           .              .             1.0000         EPS         
j43.t5           .              .             1.0000         EPS         
j43.t6           .              .             1.0000         EPS         
j43.t7           .              .             1.0000         EPS         
j43.t8           .              .             1.0000         EPS         
j43.t9           .              .             1.0000         EPS         
j43.t10          .              .             1.0000         EPS         
j43.t11          .              .             1.0000         EPS         
j43.t12          .              .             1.0000         EPS         
j43.t13          .              .             1.0000         EPS         
j43.t14          .              .             1.0000         EPS         
j43.t15          .              .             1.0000         EPS         
GAMS 24.1.3  r41464 Released Jul 26, 2013 WEX-WEI x86_64/MS Windows                                                                                                                                                                   03/23/14 11:00:09 Page 16
G e n e r a l   A l g e b r a i c   M o d e l i n g   S y s t e m
Solution Report     SOLVE RCPSP Using MIP From line 163


     VAR x  nimmt den Wert 1 an wenn der Arbeitsgang j in Periode t beendet wird und 0 sonst

               LOWER          LEVEL          UPPER         MARGINAL

j43.t16          .              .             1.0000         EPS         
j43.t17          .              .             1.0000         EPS         
j43.t18          .              .             1.0000         EPS         
j43.t19          .             1.0000         1.0000         EPS         
j43.t20          .              .             1.0000         EPS         
j43.t21          .              .             1.0000         EPS         
j43.t22          .              .             1.0000         EPS         
j43.t23          .              .             1.0000         EPS         
j43.t24          .              .             1.0000         EPS         
j43.t25          .              .             1.0000         EPS         
j43.t26          .              .             1.0000         EPS         
j43.t27          .              .             1.0000         EPS         
j43.t28          .              .             1.0000         EPS         
j43.t29          .              .             1.0000         EPS         
j43.t30          .              .             1.0000         EPS         
j43.t31          .              .             1.0000         EPS         
j43.t32          .              .             1.0000         EPS         
j43.t33          .              .             1.0000         EPS         
j44.t0           .              .             1.0000         EPS         
j44.t1           .              .             1.0000         EPS         
j44.t2           .              .             1.0000         EPS         
j44.t3           .              .             1.0000         EPS         
j44.t4           .              .             1.0000         EPS         
j44.t5           .              .             1.0000         EPS         
j44.t6           .              .             1.0000         EPS         
j44.t7           .              .             1.0000         EPS         
j44.t8           .              .             1.0000         EPS         
j44.t9           .              .             1.0000         EPS         
j44.t10          .              .             1.0000         EPS         
j44.t11          .              .             1.0000         EPS         
j44.t12          .              .             1.0000         EPS         
j44.t13          .              .             1.0000         EPS         
j44.t14          .              .             1.0000         EPS         
j44.t15          .              .             1.0000         EPS         
j44.t16          .              .             1.0000         EPS         
j44.t17          .              .             1.0000         EPS         
j44.t18          .              .             1.0000         EPS         
j44.t19          .              .             1.0000         EPS         
j44.t20          .              .             1.0000         EPS         
j44.t21          .              .             1.0000         EPS         
j44.t22          .              .             1.0000         EPS         
j44.t23          .              .             1.0000         EPS         
j44.t24          .              .             1.0000         EPS         
j44.t25          .             1.0000         1.0000         EPS         
j44.t26          .              .             1.0000         EPS         
j44.t27          .              .             1.0000         EPS         
j44.t28          .              .             1.0000         EPS         
j44.t29          .              .             1.0000         EPS         
j44.t30          .              .             1.0000         EPS         
GAMS 24.1.3  r41464 Released Jul 26, 2013 WEX-WEI x86_64/MS Windows                                                                                                                                                                   03/23/14 11:00:09 Page 17
G e n e r a l   A l g e b r a i c   M o d e l i n g   S y s t e m
Solution Report     SOLVE RCPSP Using MIP From line 163


     VAR x  nimmt den Wert 1 an wenn der Arbeitsgang j in Periode t beendet wird und 0 sonst

               LOWER          LEVEL          UPPER         MARGINAL

j44.t31          .              .             1.0000         EPS         
j44.t32          .              .             1.0000         EPS         
j44.t33          .              .             1.0000         EPS         
j45.t0           .              .             1.0000         EPS         
j45.t1           .              .             1.0000         EPS         
j45.t2           .              .             1.0000         EPS         
j45.t3           .              .             1.0000         EPS         
j45.t4           .              .             1.0000         EPS         
j45.t5           .              .             1.0000         EPS         
j45.t6           .              .             1.0000         EPS         
j45.t7           .              .             1.0000         EPS         
j45.t8           .              .             1.0000         EPS         
j45.t9           .              .             1.0000         EPS         
j45.t10          .              .             1.0000         EPS         
j45.t11          .              .             1.0000         EPS         
j45.t12          .              .             1.0000         EPS         
j45.t13          .              .             1.0000         EPS         
j45.t14          .              .             1.0000         EPS         
j45.t15          .              .             1.0000         EPS         
j45.t16          .              .             1.0000         EPS         
j45.t17          .              .             1.0000         EPS         
j45.t18          .              .             1.0000         EPS         
j45.t19          .              .             1.0000         EPS         
j45.t20          .              .             1.0000         EPS         
j45.t21          .              .             1.0000         EPS         
j45.t22          .              .             1.0000         EPS         
j45.t23          .              .             1.0000         EPS         
j45.t24          .              .             1.0000         EPS         
j45.t25          .              .             1.0000         EPS         
j45.t26          .             1.0000         1.0000         EPS         
j45.t27          .              .             1.0000         EPS         
j45.t28          .              .             1.0000         EPS         
j45.t29          .              .             1.0000         EPS         
j45.t30          .              .             1.0000         EPS         
j45.t31          .              .             1.0000         EPS         
j45.t32          .              .             1.0000         EPS         
j45.t33          .              .             1.0000         EPS         
S  .t0           .              .             1.0000         EPS         
S  .t1           .              .             1.0000         1.0000      
S  .t2           .              .             1.0000         2.0000      
S  .t3           .              .             1.0000         3.0000      
S  .t4           .              .             1.0000         4.0000      
S  .t5           .              .             1.0000         5.0000      
S  .t6           .              .             1.0000         6.0000      
S  .t7           .              .             1.0000         7.0000      
S  .t8           .              .             1.0000         8.0000      
S  .t9           .              .             1.0000         9.0000      
S  .t10          .              .             1.0000        10.0000      
S  .t11          .              .             1.0000        11.0000      
GAMS 24.1.3  r41464 Released Jul 26, 2013 WEX-WEI x86_64/MS Windows                                                                                                                                                                   03/23/14 11:00:09 Page 18
G e n e r a l   A l g e b r a i c   M o d e l i n g   S y s t e m
Solution Report     SOLVE RCPSP Using MIP From line 163


     VAR x  nimmt den Wert 1 an wenn der Arbeitsgang j in Periode t beendet wird und 0 sonst

               LOWER          LEVEL          UPPER         MARGINAL

S  .t12          .              .             1.0000        12.0000      
S  .t13          .              .             1.0000        13.0000      
S  .t14          .              .             1.0000        14.0000      
S  .t15          .              .             1.0000        15.0000      
S  .t16          .              .             1.0000        16.0000      
S  .t17          .              .             1.0000        17.0000      
S  .t18          .              .             1.0000        18.0000      
S  .t19          .              .             1.0000        19.0000      
S  .t20          .              .             1.0000        20.0000      
S  .t21          .              .             1.0000        21.0000      
S  .t22          .              .             1.0000        22.0000      
S  .t23          .              .             1.0000        23.0000      
S  .t24          .              .             1.0000        24.0000      
S  .t25          .              .             1.0000        25.0000      
S  .t26          .             1.0000         1.0000        26.0000      
S  .t27          .              .             1.0000        27.0000      
S  .t28          .              .             1.0000        28.0000      
S  .t29          .              .             1.0000        29.0000      
S  .t30          .              .             1.0000        30.0000      
S  .t31          .              .             1.0000        31.0000      
S  .t32          .              .             1.0000        32.0000      
S  .t33          .              .             1.0000        33.0000      

                           LOWER          LEVEL          UPPER         MARGINAL

---- VAR z                 -INF           26.0000        +INF             .          

  z  Zielfunktionswert


**** REPORT SUMMARY :        0     NONOPT
                             0 INFEASIBLE
                             0  UNBOUNDED
GAMS 24.1.3  r41464 Released Jul 26, 2013 WEX-WEI x86_64/MS Windows                                                                                                                                                                   03/23/14 11:00:09 Page 19
G e n e r a l   A l g e b r a i c   M o d e l i n g   S y s t e m
E x e c u t i o n


----    165 VARIABLE x.L  nimmt den Wert 1 an wenn der Arbeitsgang j in Periode t beendet wird und 0 sonst

             t0          t2          t6          t8         t13         t14         t15         t19         t25         t26

Q         1.000
j37                   1.000
j38                               1.000
j39                                           1.000
j40                                                       1.000
j41                                                                               1.000
j42                                                                   1.000
j43                                                                                           1.000
j44                                                                                                       1.000
j45                                                                                                                   1.000
S                                                                                                                     1.000


**** REPORT FILE SUMMARY

Outputfile C:\Sites\RCPSP_Toooool\Outputfile.txt


EXECUTION TIME       =        0.000 SECONDS      3 MB  24.1.3 r41464 WEX-WEI


USER: Kurslizenz                                     S130222/0001AN-GEN
      Leibniz University Hannover, Lehrstuhl fuer ProduktionswirtDC6657
      License for teaching and research at degree granting institutions


**** FILE SUMMARY

Input      C:\Sites\RCPSP_Toooool\RCPSP_Modell.gms
Output     C:\Sites\RCPSP_Toooool\RCPSP_Modell.lst
