GAMS 24.2.1  r43572 Released Dec  9, 2013 WEX-WEI x86_64/MS Windows                                                                                                                                                                    03/24/14 20:36:08 Page 1
G e n e r a l   A l g e b r a i c   M o d e l i n g   S y s t e m
C o m p i l a t i o n


   1  set
   2    j Arbeitsgang
   3    t Periode
   4    r Ressource;
   5   
   6  alias(t,q);
   7  alias(h,j);
   8   
   9  set
  10    VN(h,j) Vorgänger-Nachfolger-Relation zwischen h und j;
  11   
  12  parameter
  13    d(j)    Dauer des Arbeitsgangs j
  14    FEZ(j)  fruehestmoeglicher Endtermin des Arbeitsgangs j
  15    k(j,r)  Kapazitaetsbedarf des Arbeitsgangs j bezueglich der Ressource r je Periode
  16    Kap(r)  Periodenkapazitaet der Ressource r
  17    SEZ(j)  spaetestzulaessiger Endtermin des Arbeitsgangs j   ;
  18   
  19  binary variables
  20   
  21    x(j,t)  nimmt den Wert 1 an wenn der Arbeitsgang j in Periode t beendet wird und 0 sonst;
  22   
  23  free variables
  24    z       Zielfunktionswert;
  25   
INCLUDE    C:\Sites\RCPSP_Toy23\inputfile.inc
  27  set r /
  28  r9
  29  /;
  30   
  31  set j /
  32  Q
  33  j12
  34  j13
  35  j14
  36  j15
  37  j16
  38  j17
  39  j18
  40  j19
  41  j20
  42  S
  43  /;
  44   
  45  set t /t0*t33/;
  46   
  47  VN(h,j)=no;
  48  VN('Q','j12')=yes;
  49  VN('j12','S')=yes;
  50  VN('Q','j13')=yes;
  51  VN('j13','S')=yes;
  52  VN('Q','j14')=yes;
  53  VN('j14','S')=yes;
GAMS 24.2.1  r43572 Released Dec  9, 2013 WEX-WEI x86_64/MS Windows                                                                                                                                                                    03/24/14 20:36:08 Page 2
G e n e r a l   A l g e b r a i c   M o d e l i n g   S y s t e m
C o m p i l a t i o n


  54  VN('Q','j15')=yes;
  55  VN('j15','S')=yes;
  56  VN('Q','j16')=yes;
  57  VN('j16','S')=yes;
  58  VN('Q','j17')=yes;
  59  VN('j17','S')=yes;
  60  VN('Q','j18')=yes;
  61  VN('j18','S')=yes;
  62  VN('Q','j19')=yes;
  63  VN('j19','S')=yes;
  64  VN('Q','j20')=yes;
  65  VN('j20','S')=yes;
  66   
  67  VN('j12','j13')=yes;
  68  VN('j12','j14')=yes;
  69  VN('j13','j15')=yes;
  70  VN('j14','j18')=yes;
  71  VN('j15','j16')=yes;
  72  VN('j15','j17')=yes;
  73  VN('j16','j19')=yes;
  74  VN('j16','j20')=yes;
  75  VN('j17','j18')=yes;
  76  VN('j18','j20')=yes;
  77   
  78  parameter
  79  d(j) /
  80  Q   0
  81  S   0
  82  j12   2
  83  j13   4
  84  j14   3
  85  j15   7
  86  j16   2
  87  j17   1
  88  j18   5
  89  j19   2
  90  j20   7
  91  /
  92  FEZ(j) /
  93  Q   0
  94  S   0
  95  j12   2
  96  j13   6
  97  j14   5
  98  j15   13
  99  j16   15
 100  j17   14
 101  j18   19
 102  j19   17
 103  j20   26
 104  /
 105  SEZ(j) /
 106  Q   0
GAMS 24.2.1  r43572 Released Dec  9, 2013 WEX-WEI x86_64/MS Windows                                                                                                                                                                    03/24/14 20:36:08 Page 3
G e n e r a l   A l g e b r a i c   M o d e l i n g   S y s t e m
C o m p i l a t i o n


 107  S 33
 108  j12   2
 109  j13   6
 110  j14   14
 111  j15   13
 112  j16   19
 113  j17   14
 114  j18   19
 115  j19   26
 116  j20   26
 117  /
 118  Kap(r) /
 119  r9   9
 120  /;
 121   
 122  k(j,r)=0;
 123  k('j12','r9')=1;
 124  k('j13','r9')=2;
 125  k('j14','r9')=6;
 126  k('j15','r9')=1;
 127  k('j16','r9')=1;
 128  k('j17','r9')=2;
 129  k('j18','r9')=2;
 130  k('j19','r9')=1;
 131  k('j20','r9')=8;
 132   
 133   
 134  Equations
 135      Zielfunktion
 136      JederVorgangEinmal(j)
 137      Projektstruktur(h,j)
 138      Kapazitaetsrestriktion(r,t);
 139   
 140  Zielfunktion..
 141      z=e=sum(j$(ord(j)=card(J)),sum(t$(FEZ(j)<=ord(t)-1 and ord(t)-1 <= SEZ(j)), (ord(t)-1)*x(j,t)));
 142   
 143  JederVorgangEinmal(j)..
 144      sum(t$(FEZ(j)<=ord(t)-1 and ord(t)-1 <= SEZ(j)), x(j,t)) =e= 1;
 145   
 146  Projektstruktur(h,j)$VN(h,j)..
 147      sum(t$(FEZ(h)<=ord(t)-1 and ord(t)-1 <= SEZ(h)), (ord(t)-1)*x(h,t))  =l=
 148      sum(t$(FEZ(j)<=ord(t)-1 and ord(t)-1 <= SEZ(j)), (ord(t)-1-d(j))*x(j,t));
 149   
 150  Kapazitaetsrestriktion(r,t)..
 151      sum(j,k(j,r)*sum(q$(ord(q)-1>=ord(t)-1 and ord(q)-1<=ord(t)-1+d(j)-1),x(j,q)))=l=Kap(r);
 152   
 153  model RCPSP /
 154      Zielfunktion
 155      JederVorgangEinmal
 156      Projektstruktur
 157      Kapazitaetsrestriktion
 158      /;
 159   
GAMS 24.2.1  r43572 Released Dec  9, 2013 WEX-WEI x86_64/MS Windows                                                                                                                                                                    03/24/14 20:36:08 Page 4
G e n e r a l   A l g e b r a i c   M o d e l i n g   S y s t e m
C o m p i l a t i o n


 160  *Liefertermin muss verschoben werden, sonst keine zulaessige Loesung
 161  SEZ(j)=SEZ(j)+1;
 162   
 163  solve RCPSP minimizing z using mip;
 164   
 165  display x.l
 166   
 167  loop(t,
 168   x.l('Q',t)=0;
 169   x.l('S',t)=0;
 170  );
 171   
 172  file Outputfile / 'Outputfile.txt'/;
 173  put Outputfile;
 174   
 175  put 'Zielfunktionswert:  ',z.l /
 176   
 177  loop(j,
 178       loop(t,
 179           if(x.l(j,t)=1,
 180               put j.tl:0, ' ; ' ord(t):0 /
 181           );
 182       );
 183  );
 184   
 185  putclose outputfile;
 186   
GAMS 24.2.1  r43572 Released Dec  9, 2013 WEX-WEI x86_64/MS Windows                                                                                                                                                                    03/24/14 20:36:08 Page 5
G e n e r a l   A l g e b r a i c   M o d e l i n g   S y s t e m
Include File Summary


   SEQ   GLOBAL TYPE      PARENT   LOCAL  FILENAME

     1        1 INPUT          0       0  C:\Sites\RCPSP_Toy23\RCPSP_Modell.gms
     2       26 INCLUDE        1      26  .C:\Sites\RCPSP_Toy23\inputfile.inc


COMPILATION TIME     =        0.000 SECONDS      3 MB  24.2.1 r43572 WEX-WEI
GAMS 24.2.1  r43572 Released Dec  9, 2013 WEX-WEI x86_64/MS Windows                                                                                                                                                                    03/24/14 20:36:08 Page 6
G e n e r a l   A l g e b r a i c   M o d e l i n g   S y s t e m
Equation Listing    SOLVE RCPSP Using MIP From line 163


---- Zielfunktion  =E=  

Zielfunktion..  - x(S,t1) - 2*x(S,t2) - 3*x(S,t3) - 4*x(S,t4) - 5*x(S,t5) - 6*x(S,t6) - 7*x(S,t7) - 8*x(S,t8) - 9*x(S,t9) - 10*x(S,t10) - 11*x(S,t11) - 12*x(S,t12) - 13*x(S,t13) - 14*x(S,t14) - 15*x(S,t15) - 16*x(S,t16) - 17*x(S,t17) - 18*x(S,t18)
     
      - 19*x(S,t19) - 20*x(S,t20) - 21*x(S,t21) - 22*x(S,t22) - 23*x(S,t23) - 24*x(S,t24) - 25*x(S,t25) - 26*x(S,t26) - 27*x(S,t27) - 28*x(S,t28) - 29*x(S,t29) - 30*x(S,t30) - 31*x(S,t31) - 32*x(S,t32) - 33*x(S,t33) + z =E= 0 ; (LHS = 0)
     

---- JederVorgangEinmal  =E=  

JederVorgangEinmal(Q)..  x(Q,t0) + x(Q,t1) =E= 1 ; (LHS = 0, INFES = 1 ****)
     
JederVorgangEinmal(j12)..  x(j12,t2) + x(j12,t3) =E= 1 ; (LHS = 0, INFES = 1 ****)
     
JederVorgangEinmal(j13)..  x(j13,t6) + x(j13,t7) =E= 1 ; (LHS = 0, INFES = 1 ****)
     
REMAINING 8 ENTRIES SKIPPED


---- Projektstruktur  =L=  

Projektstruktur(Q,j12)..  x(Q,t1) - x(j12,t3) =L= 0 ; (LHS = 0)
     
Projektstruktur(Q,j13)..  x(Q,t1) - 2*x(j13,t6) - 3*x(j13,t7) =L= 0 ; (LHS = 0)
     
Projektstruktur(Q,j14)..  x(Q,t1) - 2*x(j14,t5) - 3*x(j14,t6) - 4*x(j14,t7) - 5*x(j14,t8) - 6*x(j14,t9) - 7*x(j14,t10) - 8*x(j14,t11) - 9*x(j14,t12) - 10*x(j14,t13) - 11*x(j14,t14) - 12*x(j14,t15) =L= 0 ; (LHS = 0)
     
REMAINING 25 ENTRIES SKIPPED


---- Kapazitaetsrestriktion  =L=  

Kapazitaetsrestriktion(r9,t0)..  x(j12,t0) + x(j12,t1) + 2*x(j13,t0) + 2*x(j13,t1) + 2*x(j13,t2) + 2*x(j13,t3) + 6*x(j14,t0) + 6*x(j14,t1) + 6*x(j14,t2) + x(j15,t0) + x(j15,t1) + x(j15,t2) + x(j15,t3) + x(j15,t4) + x(j15,t5) + x(j15,t6) + x(j16,t0)
     
      + x(j16,t1) + 2*x(j17,t0) + 2*x(j18,t0) + 2*x(j18,t1) + 2*x(j18,t2) + 2*x(j18,t3) + 2*x(j18,t4) + x(j19,t0) + x(j19,t1) + 8*x(j20,t0) + 8*x(j20,t1) + 8*x(j20,t2) + 8*x(j20,t3) + 8*x(j20,t4) + 8*x(j20,t5) + 8*x(j20,t6) =L= 9 ; (LHS = 0)
     
Kapazitaetsrestriktion(r9,t1)..  x(j12,t1) + x(j12,t2) + 2*x(j13,t1) + 2*x(j13,t2) + 2*x(j13,t3) + 2*x(j13,t4) + 6*x(j14,t1) + 6*x(j14,t2) + 6*x(j14,t3) + x(j15,t1) + x(j15,t2) + x(j15,t3) + x(j15,t4) + x(j15,t5) + x(j15,t6) + x(j15,t7) + x(j16,t1)
     
      + x(j16,t2) + 2*x(j17,t1) + 2*x(j18,t1) + 2*x(j18,t2) + 2*x(j18,t3) + 2*x(j18,t4) + 2*x(j18,t5) + x(j19,t1) + x(j19,t2) + 8*x(j20,t1) + 8*x(j20,t2) + 8*x(j20,t3) + 8*x(j20,t4) + 8*x(j20,t5) + 8*x(j20,t6) + 8*x(j20,t7) =L= 9 ; (LHS = 0)
     
Kapazitaetsrestriktion(r9,t2)..  x(j12,t2) + x(j12,t3) + 2*x(j13,t2) + 2*x(j13,t3) + 2*x(j13,t4) + 2*x(j13,t5) + 6*x(j14,t2) + 6*x(j14,t3) + 6*x(j14,t4) + x(j15,t2) + x(j15,t3) + x(j15,t4) + x(j15,t5) + x(j15,t6) + x(j15,t7) + x(j15,t8) + x(j16,t2)
     
      + x(j16,t3) + 2*x(j17,t2) + 2*x(j18,t2) + 2*x(j18,t3) + 2*x(j18,t4) + 2*x(j18,t5) + 2*x(j18,t6) + x(j19,t2) + x(j19,t3) + 8*x(j20,t2) + 8*x(j20,t3) + 8*x(j20,t4) + 8*x(j20,t5) + 8*x(j20,t6) + 8*x(j20,t7) + 8*x(j20,t8) =L= 9 ; (LHS = 0)
     
REMAINING 31 ENTRIES SKIPPED

GAMS 24.2.1  r43572 Released Dec  9, 2013 WEX-WEI x86_64/MS Windows                                                                                                                                                                    03/24/14 20:36:08 Page 7
G e n e r a l   A l g e b r a i c   M o d e l i n g   S y s t e m
Column Listing      SOLVE RCPSP Using MIP From line 163


---- x  nimmt den Wert 1 an wenn der Arbeitsgang j in Periode t beendet wird und 0 sonst

x(Q,t0)
                (.LO, .L, .UP, .M = 0, 0, 1, 0)
        1       JederVorgangEinmal(Q)

x(Q,t1)
                (.LO, .L, .UP, .M = 0, 0, 1, 0)
        1       JederVorgangEinmal(Q)
        1       Projektstruktur(Q,j12)
        1       Projektstruktur(Q,j13)
        1       Projektstruktur(Q,j14)
        1       Projektstruktur(Q,j15)
        1       Projektstruktur(Q,j16)
        1       Projektstruktur(Q,j17)
        1       Projektstruktur(Q,j18)
        1       Projektstruktur(Q,j19)
        1       Projektstruktur(Q,j20)

x(j12,t0)
                (.LO, .L, .UP, .M = 0, 0, 1, 0)
        1       Kapazitaetsrestriktion(r9,t0)

REMAINING 339 ENTRIES SKIPPED

---- z  Zielfunktionswert

z
                (.LO, .L, .UP, .M = -INF, 0, +INF, 0)
        1       Zielfunktion

GAMS 24.2.1  r43572 Released Dec  9, 2013 WEX-WEI x86_64/MS Windows                                                                                                                                                                    03/24/14 20:36:08 Page 8
G e n e r a l   A l g e b r a i c   M o d e l i n g   S y s t e m
Model Statistics    SOLVE RCPSP Using MIP From line 163


MODEL STATISTICS

BLOCKS OF EQUATIONS           4     SINGLE EQUATIONS           74
BLOCKS OF VARIABLES           2     SINGLE VARIABLES          343
NON ZERO ELEMENTS         1,632     DISCRETE VARIABLES        342


GENERATION TIME      =        0.016 SECONDS      4 MB  24.2.1 r43572 WEX-WEI


EXECUTION TIME       =        0.016 SECONDS      4 MB  24.2.1 r43572 WEX-WEI
GAMS 24.2.1  r43572 Released Dec  9, 2013 WEX-WEI x86_64/MS Windows                                                                                                                                                                    03/24/14 20:36:08 Page 9
G e n e r a l   A l g e b r a i c   M o d e l i n g   S y s t e m
Solution Report     SOLVE RCPSP Using MIP From line 163


               S O L V E      S U M M A R Y

     MODEL   RCPSP               OBJECTIVE  z
     TYPE    MIP                 DIRECTION  MINIMIZE
     SOLVER  CPLEX               FROM LINE  163

**** SOLVER STATUS     1 Normal Completion         
**** MODEL STATUS      1 Optimal                   
**** OBJECTIVE VALUE               26.0000

 RESOURCE USAGE, LIMIT          0.015      1000.000
 ITERATION COUNT, LIMIT         0    2000000000

IBM ILOG CPLEX   24.2.1 r43572 Released Dec  9, 2013 WEI x86_64/MS Windows    
--- GAMS/Cplex licensed for continuous and discrete problems.
Cplex 12.6.0.0

Space for names approximately 0.01 Mb
Use option 'names no' to turn use of names off
MIP status(101): integer optimal solution
Cplex Time: 0.00sec (det. 1.19 ticks)
Fixing integer variables, and solving final LP...
Fixed MIP status(1): optimal
Cplex Time: 0.00sec (det. 0.18 ticks)
Proven optimal solution.

MIP Solution:           26.000000    (0 iterations, 0 nodes)
Final Solve:            26.000000    (0 iterations)

Best possible:          26.000000
Absolute gap:            0.000000
Relative gap:            0.000000


                           LOWER          LEVEL          UPPER         MARGINAL

---- EQU Zielfunkt~          .              .              .             1.0000      

---- EQU JederVorgangEinmal  

           LOWER          LEVEL          UPPER         MARGINAL

Q           1.0000         1.0000         1.0000          .          
j12         1.0000         1.0000         1.0000          .          
j13         1.0000         1.0000         1.0000          .          
j14         1.0000         1.0000         1.0000          .          
j15         1.0000         1.0000         1.0000          .          
j16         1.0000         1.0000         1.0000          .          
j17         1.0000         1.0000         1.0000          .          
j18         1.0000         1.0000         1.0000          .          
j19         1.0000         1.0000         1.0000          .          
j20         1.0000         1.0000         1.0000          .          
S           1.0000         1.0000         1.0000          .          
GAMS 24.2.1  r43572 Released Dec  9, 2013 WEX-WEI x86_64/MS Windows                                                                                                                                                                   03/24/14 20:36:08 Page 10
G e n e r a l   A l g e b r a i c   M o d e l i n g   S y s t e m
Solution Report     SOLVE RCPSP Using MIP From line 163


---- EQU Projektstruktur  

               LOWER          LEVEL          UPPER         MARGINAL

Q  .j12        -INF             .              .              .          
Q  .j13        -INF           -2.0000          .              .          
Q  .j14        -INF           -5.0000          .              .          
Q  .j15        -INF           -6.0000          .              .          
Q  .j16        -INF          -13.0000          .              .          
Q  .j17        -INF          -13.0000          .              .          
Q  .j18        -INF          -14.0000          .              .          
Q  .j19        -INF          -23.0000          .              .          
Q  .j20        -INF          -19.0000          .              .          
j12.j13        -INF             .              .              .          
j12.j14        -INF           -3.0000          .              .          
j12.S          -INF          -24.0000          .              .          
j13.j15        -INF             .              .              .          
j13.S          -INF          -20.0000          .              .          
j14.j18        -INF           -6.0000          .              .          
j14.S          -INF          -18.0000          .              .          
j15.j16        -INF             .              .              .          
j15.j17        -INF             .              .              .          
j15.S          -INF          -13.0000          .              .          
j16.j19        -INF           -8.0000          .              .          
j16.j20        -INF           -4.0000          .              .          
j16.S          -INF          -11.0000          .              .          
j17.j18        -INF             .              .              .          
j17.S          -INF          -12.0000          .              .          
j18.j20        -INF             .              .              .          
j18.S          -INF           -7.0000          .              .          
j19.S          -INF           -1.0000          .              .          
j20.S          -INF             .              .              .          

---- EQU Kapazitaetsrestriktion  

              LOWER          LEVEL          UPPER         MARGINAL

r9.t0         -INF             .             9.0000          .          
r9.t1         -INF            1.0000         9.0000          .          
r9.t2         -INF            1.0000         9.0000          .          
r9.t3         -INF            2.0000         9.0000          .          
r9.t4         -INF            2.0000         9.0000          .          
r9.t5         -INF            2.0000         9.0000          .          
r9.t6         -INF            8.0000         9.0000          .          
r9.t7         -INF            7.0000         9.0000          .          
r9.t8         -INF            7.0000         9.0000          .          
r9.t9         -INF            1.0000         9.0000          .          
r9.t10        -INF            1.0000         9.0000          .          
r9.t11        -INF            1.0000         9.0000          .          
r9.t12        -INF            1.0000         9.0000          .          
r9.t13        -INF            1.0000         9.0000          .          
r9.t14        -INF            3.0000         9.0000          .          
r9.t15        -INF            3.0000         9.0000          .          
GAMS 24.2.1  r43572 Released Dec  9, 2013 WEX-WEI x86_64/MS Windows                                                                                                                                                                   03/24/14 20:36:08 Page 11
G e n e r a l   A l g e b r a i c   M o d e l i n g   S y s t e m
Solution Report     SOLVE RCPSP Using MIP From line 163


     EQU Kapazitaetsrestriktion  

              LOWER          LEVEL          UPPER         MARGINAL

r9.t16        -INF            2.0000         9.0000          .          
r9.t17        -INF            2.0000         9.0000          .          
r9.t18        -INF            2.0000         9.0000          .          
r9.t19        -INF            2.0000         9.0000          .          
r9.t20        -INF            8.0000         9.0000          .          
r9.t21        -INF            8.0000         9.0000          .          
r9.t22        -INF            8.0000         9.0000          .          
r9.t23        -INF            8.0000         9.0000          .          
r9.t24        -INF            9.0000         9.0000          .          
r9.t25        -INF            9.0000         9.0000          .          
r9.t26        -INF            8.0000         9.0000          .          
r9.t27        -INF             .             9.0000          .          
r9.t28        -INF             .             9.0000          .          
r9.t29        -INF             .             9.0000          .          
r9.t30        -INF             .             9.0000          .          
r9.t31        -INF             .             9.0000          .          
r9.t32        -INF             .             9.0000          .          
r9.t33        -INF             .             9.0000          .          

---- VAR x  nimmt den Wert 1 an wenn der Arbeitsgang j in Periode t beendet wird und 0 sonst

               LOWER          LEVEL          UPPER         MARGINAL

Q  .t0           .             1.0000         1.0000         EPS         
Q  .t1           .              .             1.0000         EPS         
j12.t0           .              .             1.0000         EPS         
j12.t1           .              .             1.0000         EPS         
j12.t2           .             1.0000         1.0000         EPS         
j12.t3           .              .             1.0000         EPS         
j12.t4           .              .             1.0000         EPS         
j12.t5           .              .             1.0000         EPS         
j12.t6           .              .             1.0000         EPS         
j12.t7           .              .             1.0000         EPS         
j12.t8           .              .             1.0000         EPS         
j12.t9           .              .             1.0000         EPS         
j12.t10          .              .             1.0000         EPS         
j12.t11          .              .             1.0000         EPS         
j12.t12          .              .             1.0000         EPS         
j12.t13          .              .             1.0000         EPS         
j12.t14          .              .             1.0000         EPS         
j12.t15          .              .             1.0000         EPS         
j12.t16          .              .             1.0000         EPS         
j12.t17          .              .             1.0000         EPS         
j12.t18          .              .             1.0000         EPS         
j12.t19          .              .             1.0000         EPS         
j12.t20          .              .             1.0000         EPS         
j12.t21          .              .             1.0000         EPS         
j12.t22          .              .             1.0000         EPS         
j12.t23          .              .             1.0000         EPS         
GAMS 24.2.1  r43572 Released Dec  9, 2013 WEX-WEI x86_64/MS Windows                                                                                                                                                                   03/24/14 20:36:08 Page 12
G e n e r a l   A l g e b r a i c   M o d e l i n g   S y s t e m
Solution Report     SOLVE RCPSP Using MIP From line 163


     VAR x  nimmt den Wert 1 an wenn der Arbeitsgang j in Periode t beendet wird und 0 sonst

               LOWER          LEVEL          UPPER         MARGINAL

j12.t24          .              .             1.0000         EPS         
j12.t25          .              .             1.0000         EPS         
j12.t26          .              .             1.0000         EPS         
j12.t27          .              .             1.0000         EPS         
j12.t28          .              .             1.0000         EPS         
j12.t29          .              .             1.0000         EPS         
j12.t30          .              .             1.0000         EPS         
j12.t31          .              .             1.0000         EPS         
j12.t32          .              .             1.0000         EPS         
j12.t33          .              .             1.0000         EPS         
j13.t0           .              .             1.0000         EPS         
j13.t1           .              .             1.0000         EPS         
j13.t2           .              .             1.0000         EPS         
j13.t3           .              .             1.0000         EPS         
j13.t4           .              .             1.0000         EPS         
j13.t5           .              .             1.0000         EPS         
j13.t6           .             1.0000         1.0000         EPS         
j13.t7           .              .             1.0000         EPS         
j13.t8           .              .             1.0000         EPS         
j13.t9           .              .             1.0000         EPS         
j13.t10          .              .             1.0000         EPS         
j13.t11          .              .             1.0000         EPS         
j13.t12          .              .             1.0000         EPS         
j13.t13          .              .             1.0000         EPS         
j13.t14          .              .             1.0000         EPS         
j13.t15          .              .             1.0000         EPS         
j13.t16          .              .             1.0000         EPS         
j13.t17          .              .             1.0000         EPS         
j13.t18          .              .             1.0000         EPS         
j13.t19          .              .             1.0000         EPS         
j13.t20          .              .             1.0000         EPS         
j13.t21          .              .             1.0000         EPS         
j13.t22          .              .             1.0000         EPS         
j13.t23          .              .             1.0000         EPS         
j13.t24          .              .             1.0000         EPS         
j13.t25          .              .             1.0000         EPS         
j13.t26          .              .             1.0000         EPS         
j13.t27          .              .             1.0000         EPS         
j13.t28          .              .             1.0000         EPS         
j13.t29          .              .             1.0000         EPS         
j13.t30          .              .             1.0000         EPS         
j13.t31          .              .             1.0000         EPS         
j13.t32          .              .             1.0000         EPS         
j13.t33          .              .             1.0000         EPS         
j14.t0           .              .             1.0000         EPS         
j14.t1           .              .             1.0000         EPS         
j14.t2           .              .             1.0000         EPS         
j14.t3           .              .             1.0000         EPS         
j14.t4           .              .             1.0000         EPS         
GAMS 24.2.1  r43572 Released Dec  9, 2013 WEX-WEI x86_64/MS Windows                                                                                                                                                                   03/24/14 20:36:08 Page 13
G e n e r a l   A l g e b r a i c   M o d e l i n g   S y s t e m
Solution Report     SOLVE RCPSP Using MIP From line 163


     VAR x  nimmt den Wert 1 an wenn der Arbeitsgang j in Periode t beendet wird und 0 sonst

               LOWER          LEVEL          UPPER         MARGINAL

j14.t5           .              .             1.0000         EPS         
j14.t6           .              .             1.0000         EPS         
j14.t7           .              .             1.0000         EPS         
j14.t8           .             1.0000         1.0000         EPS         
j14.t9           .              .             1.0000         EPS         
j14.t10          .              .             1.0000         EPS         
j14.t11          .              .             1.0000         EPS         
j14.t12          .              .             1.0000         EPS         
j14.t13          .              .             1.0000         EPS         
j14.t14          .              .             1.0000         EPS         
j14.t15          .              .             1.0000         EPS         
j14.t16          .              .             1.0000         EPS         
j14.t17          .              .             1.0000         EPS         
j14.t18          .              .             1.0000         EPS         
j14.t19          .              .             1.0000         EPS         
j14.t20          .              .             1.0000         EPS         
j14.t21          .              .             1.0000         EPS         
j14.t22          .              .             1.0000         EPS         
j14.t23          .              .             1.0000         EPS         
j14.t24          .              .             1.0000         EPS         
j14.t25          .              .             1.0000         EPS         
j14.t26          .              .             1.0000         EPS         
j14.t27          .              .             1.0000         EPS         
j14.t28          .              .             1.0000         EPS         
j14.t29          .              .             1.0000         EPS         
j14.t30          .              .             1.0000         EPS         
j14.t31          .              .             1.0000         EPS         
j14.t32          .              .             1.0000         EPS         
j14.t33          .              .             1.0000         EPS         
j15.t0           .              .             1.0000         EPS         
j15.t1           .              .             1.0000         EPS         
j15.t2           .              .             1.0000         EPS         
j15.t3           .              .             1.0000         EPS         
j15.t4           .              .             1.0000         EPS         
j15.t5           .              .             1.0000         EPS         
j15.t6           .              .             1.0000         EPS         
j15.t7           .              .             1.0000         EPS         
j15.t8           .              .             1.0000         EPS         
j15.t9           .              .             1.0000         EPS         
j15.t10          .              .             1.0000         EPS         
j15.t11          .              .             1.0000         EPS         
j15.t12          .              .             1.0000         EPS         
j15.t13          .             1.0000         1.0000         EPS         
j15.t14          .              .             1.0000         EPS         
j15.t15          .              .             1.0000         EPS         
j15.t16          .              .             1.0000         EPS         
j15.t17          .              .             1.0000         EPS         
j15.t18          .              .             1.0000         EPS         
j15.t19          .              .             1.0000         EPS         
GAMS 24.2.1  r43572 Released Dec  9, 2013 WEX-WEI x86_64/MS Windows                                                                                                                                                                   03/24/14 20:36:08 Page 14
G e n e r a l   A l g e b r a i c   M o d e l i n g   S y s t e m
Solution Report     SOLVE RCPSP Using MIP From line 163


     VAR x  nimmt den Wert 1 an wenn der Arbeitsgang j in Periode t beendet wird und 0 sonst

               LOWER          LEVEL          UPPER         MARGINAL

j15.t20          .              .             1.0000         EPS         
j15.t21          .              .             1.0000         EPS         
j15.t22          .              .             1.0000         EPS         
j15.t23          .              .             1.0000         EPS         
j15.t24          .              .             1.0000         EPS         
j15.t25          .              .             1.0000         EPS         
j15.t26          .              .             1.0000         EPS         
j15.t27          .              .             1.0000         EPS         
j15.t28          .              .             1.0000         EPS         
j15.t29          .              .             1.0000         EPS         
j15.t30          .              .             1.0000         EPS         
j15.t31          .              .             1.0000         EPS         
j15.t32          .              .             1.0000         EPS         
j15.t33          .              .             1.0000         EPS         
j16.t0           .              .             1.0000         EPS         
j16.t1           .              .             1.0000         EPS         
j16.t2           .              .             1.0000         EPS         
j16.t3           .              .             1.0000         EPS         
j16.t4           .              .             1.0000         EPS         
j16.t5           .              .             1.0000         EPS         
j16.t6           .              .             1.0000         EPS         
j16.t7           .              .             1.0000         EPS         
j16.t8           .              .             1.0000         EPS         
j16.t9           .              .             1.0000         EPS         
j16.t10          .              .             1.0000         EPS         
j16.t11          .              .             1.0000         EPS         
j16.t12          .              .             1.0000         EPS         
j16.t13          .              .             1.0000         EPS         
j16.t14          .              .             1.0000         EPS         
j16.t15          .             1.0000         1.0000         EPS         
j16.t16          .              .             1.0000         EPS         
j16.t17          .              .             1.0000         EPS         
j16.t18          .              .             1.0000         EPS         
j16.t19          .              .             1.0000         EPS         
j16.t20          .              .             1.0000         EPS         
j16.t21          .              .             1.0000         EPS         
j16.t22          .              .             1.0000         EPS         
j16.t23          .              .             1.0000         EPS         
j16.t24          .              .             1.0000         EPS         
j16.t25          .              .             1.0000         EPS         
j16.t26          .              .             1.0000         EPS         
j16.t27          .              .             1.0000         EPS         
j16.t28          .              .             1.0000         EPS         
j16.t29          .              .             1.0000         EPS         
j16.t30          .              .             1.0000         EPS         
j16.t31          .              .             1.0000         EPS         
j16.t32          .              .             1.0000         EPS         
j16.t33          .              .             1.0000         EPS         
j17.t0           .              .             1.0000         EPS         
GAMS 24.2.1  r43572 Released Dec  9, 2013 WEX-WEI x86_64/MS Windows                                                                                                                                                                   03/24/14 20:36:08 Page 15
G e n e r a l   A l g e b r a i c   M o d e l i n g   S y s t e m
Solution Report     SOLVE RCPSP Using MIP From line 163


     VAR x  nimmt den Wert 1 an wenn der Arbeitsgang j in Periode t beendet wird und 0 sonst

               LOWER          LEVEL          UPPER         MARGINAL

j17.t1           .              .             1.0000         EPS         
j17.t2           .              .             1.0000         EPS         
j17.t3           .              .             1.0000         EPS         
j17.t4           .              .             1.0000         EPS         
j17.t5           .              .             1.0000         EPS         
j17.t6           .              .             1.0000         EPS         
j17.t7           .              .             1.0000         EPS         
j17.t8           .              .             1.0000         EPS         
j17.t9           .              .             1.0000         EPS         
j17.t10          .              .             1.0000         EPS         
j17.t11          .              .             1.0000         EPS         
j17.t12          .              .             1.0000         EPS         
j17.t13          .              .             1.0000         EPS         
j17.t14          .             1.0000         1.0000         EPS         
j17.t15          .              .             1.0000         EPS         
j17.t16          .              .             1.0000         EPS         
j17.t17          .              .             1.0000         EPS         
j17.t18          .              .             1.0000         EPS         
j17.t19          .              .             1.0000         EPS         
j17.t20          .              .             1.0000         EPS         
j17.t21          .              .             1.0000         EPS         
j17.t22          .              .             1.0000         EPS         
j17.t23          .              .             1.0000         EPS         
j17.t24          .              .             1.0000         EPS         
j17.t25          .              .             1.0000         EPS         
j17.t26          .              .             1.0000         EPS         
j17.t27          .              .             1.0000         EPS         
j17.t28          .              .             1.0000         EPS         
j17.t29          .              .             1.0000         EPS         
j17.t30          .              .             1.0000         EPS         
j17.t31          .              .             1.0000         EPS         
j17.t32          .              .             1.0000         EPS         
j17.t33          .              .             1.0000         EPS         
j18.t0           .              .             1.0000         EPS         
j18.t1           .              .             1.0000         EPS         
j18.t2           .              .             1.0000         EPS         
j18.t3           .              .             1.0000         EPS         
j18.t4           .              .             1.0000         EPS         
j18.t5           .              .             1.0000         EPS         
j18.t6           .              .             1.0000         EPS         
j18.t7           .              .             1.0000         EPS         
j18.t8           .              .             1.0000         EPS         
j18.t9           .              .             1.0000         EPS         
j18.t10          .              .             1.0000         EPS         
j18.t11          .              .             1.0000         EPS         
j18.t12          .              .             1.0000         EPS         
j18.t13          .              .             1.0000         EPS         
j18.t14          .              .             1.0000         EPS         
j18.t15          .              .             1.0000         EPS         
GAMS 24.2.1  r43572 Released Dec  9, 2013 WEX-WEI x86_64/MS Windows                                                                                                                                                                   03/24/14 20:36:08 Page 16
G e n e r a l   A l g e b r a i c   M o d e l i n g   S y s t e m
Solution Report     SOLVE RCPSP Using MIP From line 163


     VAR x  nimmt den Wert 1 an wenn der Arbeitsgang j in Periode t beendet wird und 0 sonst

               LOWER          LEVEL          UPPER         MARGINAL

j18.t16          .              .             1.0000         EPS         
j18.t17          .              .             1.0000         EPS         
j18.t18          .              .             1.0000         EPS         
j18.t19          .             1.0000         1.0000         EPS         
j18.t20          .              .             1.0000         EPS         
j18.t21          .              .             1.0000         EPS         
j18.t22          .              .             1.0000         EPS         
j18.t23          .              .             1.0000         EPS         
j18.t24          .              .             1.0000         EPS         
j18.t25          .              .             1.0000         EPS         
j18.t26          .              .             1.0000         EPS         
j18.t27          .              .             1.0000         EPS         
j18.t28          .              .             1.0000         EPS         
j18.t29          .              .             1.0000         EPS         
j18.t30          .              .             1.0000         EPS         
j18.t31          .              .             1.0000         EPS         
j18.t32          .              .             1.0000         EPS         
j18.t33          .              .             1.0000         EPS         
j19.t0           .              .             1.0000         EPS         
j19.t1           .              .             1.0000         EPS         
j19.t2           .              .             1.0000         EPS         
j19.t3           .              .             1.0000         EPS         
j19.t4           .              .             1.0000         EPS         
j19.t5           .              .             1.0000         EPS         
j19.t6           .              .             1.0000         EPS         
j19.t7           .              .             1.0000         EPS         
j19.t8           .              .             1.0000         EPS         
j19.t9           .              .             1.0000         EPS         
j19.t10          .              .             1.0000         EPS         
j19.t11          .              .             1.0000         EPS         
j19.t12          .              .             1.0000         EPS         
j19.t13          .              .             1.0000         EPS         
j19.t14          .              .             1.0000         EPS         
j19.t15          .              .             1.0000         EPS         
j19.t16          .              .             1.0000         EPS         
j19.t17          .              .             1.0000         EPS         
j19.t18          .              .             1.0000         EPS         
j19.t19          .              .             1.0000         EPS         
j19.t20          .              .             1.0000         EPS         
j19.t21          .              .             1.0000         EPS         
j19.t22          .              .             1.0000         EPS         
j19.t23          .              .             1.0000         EPS         
j19.t24          .              .             1.0000         EPS         
j19.t25          .             1.0000         1.0000         EPS         
j19.t26          .              .             1.0000         EPS         
j19.t27          .              .             1.0000         EPS         
j19.t28          .              .             1.0000         EPS         
j19.t29          .              .             1.0000         EPS         
j19.t30          .              .             1.0000         EPS         
GAMS 24.2.1  r43572 Released Dec  9, 2013 WEX-WEI x86_64/MS Windows                                                                                                                                                                   03/24/14 20:36:08 Page 17
G e n e r a l   A l g e b r a i c   M o d e l i n g   S y s t e m
Solution Report     SOLVE RCPSP Using MIP From line 163


     VAR x  nimmt den Wert 1 an wenn der Arbeitsgang j in Periode t beendet wird und 0 sonst

               LOWER          LEVEL          UPPER         MARGINAL

j19.t31          .              .             1.0000         EPS         
j19.t32          .              .             1.0000         EPS         
j19.t33          .              .             1.0000         EPS         
j20.t0           .              .             1.0000         EPS         
j20.t1           .              .             1.0000         EPS         
j20.t2           .              .             1.0000         EPS         
j20.t3           .              .             1.0000         EPS         
j20.t4           .              .             1.0000         EPS         
j20.t5           .              .             1.0000         EPS         
j20.t6           .              .             1.0000         EPS         
j20.t7           .              .             1.0000         EPS         
j20.t8           .              .             1.0000         EPS         
j20.t9           .              .             1.0000         EPS         
j20.t10          .              .             1.0000         EPS         
j20.t11          .              .             1.0000         EPS         
j20.t12          .              .             1.0000         EPS         
j20.t13          .              .             1.0000         EPS         
j20.t14          .              .             1.0000         EPS         
j20.t15          .              .             1.0000         EPS         
j20.t16          .              .             1.0000         EPS         
j20.t17          .              .             1.0000         EPS         
j20.t18          .              .             1.0000         EPS         
j20.t19          .              .             1.0000         EPS         
j20.t20          .              .             1.0000         EPS         
j20.t21          .              .             1.0000         EPS         
j20.t22          .              .             1.0000         EPS         
j20.t23          .              .             1.0000         EPS         
j20.t24          .              .             1.0000         EPS         
j20.t25          .              .             1.0000         EPS         
j20.t26          .             1.0000         1.0000         EPS         
j20.t27          .              .             1.0000         EPS         
j20.t28          .              .             1.0000         EPS         
j20.t29          .              .             1.0000         EPS         
j20.t30          .              .             1.0000         EPS         
j20.t31          .              .             1.0000         EPS         
j20.t32          .              .             1.0000         EPS         
j20.t33          .              .             1.0000         EPS         
S  .t0           .              .             1.0000         EPS         
S  .t1           .              .             1.0000         1.0000      
S  .t2           .              .             1.0000         2.0000      
S  .t3           .              .             1.0000         3.0000      
S  .t4           .              .             1.0000         4.0000      
S  .t5           .              .             1.0000         5.0000      
S  .t6           .              .             1.0000         6.0000      
S  .t7           .              .             1.0000         7.0000      
S  .t8           .              .             1.0000         8.0000      
S  .t9           .              .             1.0000         9.0000      
S  .t10          .              .             1.0000        10.0000      
S  .t11          .              .             1.0000        11.0000      
GAMS 24.2.1  r43572 Released Dec  9, 2013 WEX-WEI x86_64/MS Windows                                                                                                                                                                   03/24/14 20:36:08 Page 18
G e n e r a l   A l g e b r a i c   M o d e l i n g   S y s t e m
Solution Report     SOLVE RCPSP Using MIP From line 163


     VAR x  nimmt den Wert 1 an wenn der Arbeitsgang j in Periode t beendet wird und 0 sonst

               LOWER          LEVEL          UPPER         MARGINAL

S  .t12          .              .             1.0000        12.0000      
S  .t13          .              .             1.0000        13.0000      
S  .t14          .              .             1.0000        14.0000      
S  .t15          .              .             1.0000        15.0000      
S  .t16          .              .             1.0000        16.0000      
S  .t17          .              .             1.0000        17.0000      
S  .t18          .              .             1.0000        18.0000      
S  .t19          .              .             1.0000        19.0000      
S  .t20          .              .             1.0000        20.0000      
S  .t21          .              .             1.0000        21.0000      
S  .t22          .              .             1.0000        22.0000      
S  .t23          .              .             1.0000        23.0000      
S  .t24          .              .             1.0000        24.0000      
S  .t25          .              .             1.0000        25.0000      
S  .t26          .             1.0000         1.0000        26.0000      
S  .t27          .              .             1.0000        27.0000      
S  .t28          .              .             1.0000        28.0000      
S  .t29          .              .             1.0000        29.0000      
S  .t30          .              .             1.0000        30.0000      
S  .t31          .              .             1.0000        31.0000      
S  .t32          .              .             1.0000        32.0000      
S  .t33          .              .             1.0000        33.0000      

                           LOWER          LEVEL          UPPER         MARGINAL

---- VAR z                 -INF           26.0000        +INF             .          

  z  Zielfunktionswert


**** REPORT SUMMARY :        0     NONOPT
                             0 INFEASIBLE
                             0  UNBOUNDED
GAMS 24.2.1  r43572 Released Dec  9, 2013 WEX-WEI x86_64/MS Windows                                                                                                                                                                   03/24/14 20:36:08 Page 19
G e n e r a l   A l g e b r a i c   M o d e l i n g   S y s t e m
E x e c u t i o n


----    165 VARIABLE x.L  nimmt den Wert 1 an wenn der Arbeitsgang j in Periode t beendet wird und 0 sonst

             t0          t2          t6          t8         t13         t14         t15         t19         t25         t26

Q         1.000
j12                   1.000
j13                               1.000
j14                                           1.000
j15                                                       1.000
j16                                                                               1.000
j17                                                                   1.000
j18                                                                                           1.000
j19                                                                                                       1.000
j20                                                                                                                   1.000
S                                                                                                                     1.000


**** REPORT FILE SUMMARY

Outputfile C:\Sites\RCPSP_Toy23\Outputfile.txt


EXECUTION TIME       =        0.032 SECONDS      3 MB  24.2.1 r43572 WEX-WEI


USER: Kurslizenz                                     S130222/0001AN-GEN
      Leibniz University Hannover, Lehrstuhl fuer ProduktionswirtDC6657
      License for teaching and research at degree granting institutions


**** FILE SUMMARY

Input      C:\Sites\RCPSP_Toy23\RCPSP_Modell.gms
Output     C:\Sites\RCPSP_Toy23\RCPSP_Modell.lst
